127.0.0.1 - - [06/Jul/2013:22:54:52 -0700] "GET /upload_file.php HTTP/1.1" 200 12 "-" "Mozilla/5.0 (Macintosh; Intel Mac OS X 10.9; rv:22.0) Gecko/20100101 Firefox/22.0"
127.0.0.1 - - [06/Jul/2013:22:55:11 -0700] "GET /v1/test/api_upload.html HTTP/1.1" 404 221 "-" "Mozilla/5.0 (Macintosh; Intel Mac OS X 10.9; rv:22.0) Gecko/20100101 Firefox/22.0"
127.0.0.1 - - [06/Jul/2013:22:55:18 -0700] "GET /test/api_upload.html HTTP/1.1" 200 392 "-" "Mozilla/5.0 (Macintosh; Intel Mac OS X 10.9; rv:22.0) Gecko/20100101 Firefox/22.0"
127.0.0.1 - - [06/Jul/2013:22:55:50 -0700] "GET /api/v1/test/api_upload.html HTTP/1.1" 200 392 "-" "Mozilla/5.0 (Macintosh; Intel Mac OS X 10.9; rv:22.0) Gecko/20100101 Firefox/22.0"
127.0.0.1 - - [06/Jul/2013:22:55:55 -0700] "POST /api/v1/upload_file.php HTTP/1.1" 200 12 "http://pushchat.local:44447/api/v1/test/api_upload.html" "Mozilla/5.0 (Macintosh; Intel Mac OS X 10.9; rv:22.0) Gecko/20100101 Firefox/22.0"
127.0.0.1 - - [06/Jul/2013:22:56:02 -0700] "POST /api/v1/upload_file.php HTTP/1.1" 200 12 "http://pushchat.local:44447/api/v1/test/api_upload.html" "Mozilla/5.0 (Macintosh; Intel Mac OS X 10.9; rv:22.0) Gecko/20100101 Firefox/22.0"
127.0.0.1 - - [06/Jul/2013:22:56:29 -0700] "POST /api/v1/upload_file.php HTTP/1.1" 200 12 "http://pushchat.local:44447/api/v1/test/api_upload.html" "Mozilla/5.0 (Macintosh; Intel Mac OS X 10.9; rv:22.0) Gecko/20100101 Firefox/22.0"
127.0.0.1 - - [06/Jul/2013:22:56:34 -0700] "POST /api/v1/upload_file.php HTTP/1.1" 200 183 "http://pushchat.local:44447/api/v1/test/api_upload.html" "Mozilla/5.0 (Macintosh; Intel Mac OS X 10.9; rv:22.0) Gecko/20100101 Firefox/22.0"
127.0.0.1 - - [06/Jul/2013:22:57:15 -0700] "POST /api/v1/upload_file.php HTTP/1.1" 200 12 "http://pushchat.local:44447/api/v1/test/api_upload.html" "Mozilla/5.0 (Macintosh; Intel Mac OS X 10.9; rv:22.0) Gecko/20100101 Firefox/22.0"
127.0.0.1 - - [06/Jul/2013:22:57:22 -0700] "POST /api/v1/upload_file.php HTTP/1.1" 200 183 "http://pushchat.local:44447/api/v1/test/api_upload.html" "Mozilla/5.0 (Macintosh; Intel Mac OS X 10.9; rv:22.0) Gecko/20100101 Firefox/22.0"
127.0.0.1 - - [06/Jul/2013:22:58:06 -0700] "POST /api/v1/upload_file.php HTTP/1.1" 200 183 "http://pushchat.local:44447/api/v1/test/api_upload.html" "Mozilla/5.0 (Macintosh; Intel Mac OS X 10.9; rv:22.0) Gecko/20100101 Firefox/22.0"
192.168.1.140 - - [06/Jul/2013:23:20:34 -0700] "\x16\x03\x01" 501 205 "-" "-"
192.168.1.140 - - [06/Jul/2013:23:20:34 -0700] "\x16\x03\x01" 501 205 "-" "-"
192.168.1.140 - - [06/Jul/2013:23:20:34 -0700] "\x16\x03" 501 204 "-" "-"
127.0.0.1 - - [06/Jul/2013:23:20:57 -0700] "GET /api/v1/api.phpo HTTP/1.1" 404 213 "-" "Mozilla/5.0 (Macintosh; Intel Mac OS X 10.9; rv:22.0) Gecko/20100101 Firefox/22.0"
127.0.0.1 - - [06/Jul/2013:23:20:59 -0700] "GET /api/v1/api.php HTTP/1.1" 400 - "-" "Mozilla/5.0 (Macintosh; Intel Mac OS X 10.9; rv:22.0) Gecko/20100101 Firefox/22.0"
127.0.0.1 - - [06/Jul/2013:23:21:57 -0700] "POST /api/v1/api.php HTTP/1.1" 400 - "-" "Mozilla/5.0 (Macintosh; Intel Mac OS X 10_9_0) AppleWebKit/537.36 (KHTML, like Gecko) Chrome/27.0.1453.116 Safari/537.36"
127.0.0.1 - - [06/Jul/2013:23:21:59 -0700] "POST /api/v1/api.php?cmd=join HTTP/1.1" 400 - "-" "Mozilla/5.0 (Macintosh; Intel Mac OS X 10_9_0) AppleWebKit/537.36 (KHTML, like Gecko) Chrome/27.0.1453.116 Safari/537.36"
127.0.0.1 - - [06/Jul/2013:23:22:55 -0700] "POST /api/v1/api.php?cmd=join HTTP/1.1" 200 820 "-" "Mozilla/5.0 (Macintosh; Intel Mac OS X 10_9_0) AppleWebKit/537.36 (KHTML, like Gecko) Chrome/27.0.1453.116 Safari/537.36"
127.0.0.1 - - [06/Jul/2013:23:23:13 -0700] "POST /api/v1/api.php?cmd=join HTTP/1.1" 200 820 "-" "Mozilla/5.0 (Macintosh; Intel Mac OS X 10_9_0) AppleWebKit/537.36 (KHTML, like Gecko) Chrome/27.0.1453.116 Safari/537.36"
127.0.0.1 - - [06/Jul/2013:23:23:35 -0700] "POST /api/v1/api.php?cmd=join HTTP/1.1" 400 - "-" "Mozilla/5.0 (Macintosh; Intel Mac OS X 10_9_0) AppleWebKit/537.36 (KHTML, like Gecko) Chrome/27.0.1453.116 Safari/537.36"
127.0.0.1 - - [06/Jul/2013:23:24:28 -0700] "POST /api/v1/api.php?cmd=join HTTP/1.1" 200 806 "-" "Mozilla/5.0 (Macintosh; Intel Mac OS X 10_9_0) AppleWebKit/537.36 (KHTML, like Gecko) Chrome/27.0.1453.116 Safari/537.36"
127.0.0.1 - - [06/Jul/2013:23:25:04 -0700] "POST /api/v1/api.php?cmd=join HTTP/1.1" 400 - "-" "Mozilla/5.0 (Macintosh; Intel Mac OS X 10_9_0) AppleWebKit/537.36 (KHTML, like Gecko) Chrome/27.0.1453.116 Safari/537.36"
127.0.0.1 - - [06/Jul/2013:23:25:11 -0700] "POST /api/v1/api.php?cmd=join HTTP/1.1" 400 - "-" "Mozilla/5.0 (Macintosh; Intel Mac OS X 10_9_0) AppleWebKit/537.36 (KHTML, like Gecko) Chrome/27.0.1453.116 Safari/537.36"
127.0.0.1 - - [06/Jul/2013:23:25:18 -0700] "POST /api/v1/api.php?cmd=join HTTP/1.1" 400 - "-" "Mozilla/5.0 (Macintosh; Intel Mac OS X 10_9_0) AppleWebKit/537.36 (KHTML, like Gecko) Chrome/27.0.1453.116 Safari/537.36"
127.0.0.1 - - [06/Jul/2013:23:26:24 -0700] "POST /api/v1/api.php?cmd=join&name=%22zakk%22&code=%22passpass%22 HTTP/1.1" 400 - "-" "Mozilla/5.0 (Macintosh; Intel Mac OS X 10_9_0) AppleWebKit/537.36 (KHTML, like Gecko) Chrome/27.0.1453.116 Safari/537.36"
::1 - - [06/Jul/2013:23:26:45 -0700] "OPTIONS * HTTP/1.0" 200 - "-" "Apache/2.2.23 (Unix) mod_ssl/2.2.23 OpenSSL/0.9.8y DAV/2 PHP/5.4.10 (internal dummy connection)"
::1 - - [06/Jul/2013:23:26:46 -0700] "OPTIONS * HTTP/1.0" 200 - "-" "Apache/2.2.23 (Unix) mod_ssl/2.2.23 OpenSSL/0.9.8y DAV/2 PHP/5.4.10 (internal dummy connection)"
::1 - - [06/Jul/2013:23:26:49 -0700] "OPTIONS * HTTP/1.0" 200 - "-" "Apache/2.2.23 (Unix) mod_ssl/2.2.23 OpenSSL/0.9.8y DAV/2 PHP/5.4.10 (internal dummy connection)"
::1 - - [06/Jul/2013:23:27:10 -0700] "OPTIONS * HTTP/1.0" 200 - "-" "Apache/2.2.23 (Unix) mod_ssl/2.2.23 OpenSSL/0.9.8y DAV/2 PHP/5.4.10 (internal dummy connection)"
::1 - - [06/Jul/2013:23:29:21 -0700] "OPTIONS * HTTP/1.0" 200 - "-" "Apache/2.2.23 (Unix) mod_ssl/2.2.23 OpenSSL/0.9.8y DAV/2 PHP/5.4.10 (internal dummy connection)"
127.0.0.1 - - [06/Jul/2013:23:31:37 -0700] "POST /api/v1/api.php?cmd=join&name=%22zakk%22&code=%22passpass%22 HTTP/1.1" 400 - "-" "Mozilla/5.0 (Macintosh; Intel Mac OS X 10_9_0) AppleWebKit/537.36 (KHTML, like Gecko) Chrome/27.0.1453.116 Safari/537.36"
::1 - - [06/Jul/2013:23:31:54 -0700] "OPTIONS * HTTP/1.0" 200 - "-" "Apache/2.2.23 (Unix) mod_ssl/2.2.23 OpenSSL/0.9.8y DAV/2 PHP/5.4.10 (internal dummy connection)"
::1 - - [06/Jul/2013:23:32:24 -0700] "OPTIONS * HTTP/1.0" 200 - "-" "Apache/2.2.23 (Unix) mod_ssl/2.2.23 OpenSSL/0.9.8y DAV/2 PHP/5.4.10 (internal dummy connection)"
::1 - - [06/Jul/2013:23:33:42 -0700] "OPTIONS * HTTP/1.0" 200 - "-" "Apache/2.2.23 (Unix) mod_ssl/2.2.23 OpenSSL/0.9.8y DAV/2 PHP/5.4.10 (internal dummy connection)"
::1 - - [06/Jul/2013:23:33:59 -0700] "OPTIONS * HTTP/1.0" 200 - "-" "Apache/2.2.23 (Unix) mod_ssl/2.2.23 OpenSSL/0.9.8y DAV/2 PHP/5.4.10 (internal dummy connection)"
127.0.0.1 - - [06/Jul/2013:23:36:51 -0700] "POST /api/v1/users.php HTTP/1.1" 500 - "-" "Mozilla/5.0 (Macintosh; Intel Mac OS X 10_9_0) AppleWebKit/537.36 (KHTML, like Gecko) Chrome/27.0.1453.116 Safari/537.36"
127.0.0.1 - - [06/Jul/2013:23:38:39 -0700] "GET /api/v1/test/api_users.html HTTP/1.1" 200 386 "-" "Mozilla/5.0 (Macintosh; Intel Mac OS X 10_9_0) AppleWebKit/537.36 (KHTML, like Gecko) Chrome/27.0.1453.116 Safari/537.36"
127.0.0.1 - - [06/Jul/2013:23:38:46 -0700] "POST /api/v1/users.php HTTP/1.1" 500 - "http://pushchat.local:44447/api/v1/test/api_users.html" "Mozilla/5.0 (Macintosh; Intel Mac OS X 10_9_0) AppleWebKit/537.36 (KHTML, like Gecko) Chrome/27.0.1453.116 Safari/537.36"
127.0.0.1 - - [06/Jul/2013:23:38:52 -0700] "GET /api/v1/test/api_users.html HTTP/1.1" 304 - "-" "Mozilla/5.0 (Macintosh; Intel Mac OS X 10_9_0) AppleWebKit/537.36 (KHTML, like Gecko) Chrome/27.0.1453.116 Safari/537.36"
127.0.0.1 - - [06/Jul/2013:23:38:55 -0700] "POST /api/v1/users.php HTTP/1.1" 500 - "http://pushchat.local:44447/api/v1/test/api_users.html" "Mozilla/5.0 (Macintosh; Intel Mac OS X 10_9_0) AppleWebKit/537.36 (KHTML, like Gecko) Chrome/27.0.1453.116 Safari/537.36"
127.0.0.1 - - [06/Jul/2013:23:39:16 -0700] "POST /api/v1/users.php HTTP/1.1" 500 - "http://pushchat.local:44447/api/v1/test/api_users.html" "Mozilla/5.0 (Macintosh; Intel Mac OS X 10_9_0) AppleWebKit/537.36 (KHTML, like Gecko) Chrome/27.0.1453.116 Safari/537.36"
127.0.0.1 - - [06/Jul/2013:23:40:50 -0700] "POST /api/v1/users.php HTTP/1.1" 200 4 "http://pushchat.local:44447/api/v1/test/api_users.html" "Mozilla/5.0 (Macintosh; Intel Mac OS X 10_9_0) AppleWebKit/537.36 (KHTML, like Gecko) Chrome/27.0.1453.116 Safari/537.36"
127.0.0.1 - - [06/Jul/2013:23:40:52 -0700] "POST /api/v1/users.php HTTP/1.1" 200 4 "http://pushchat.local:44447/api/v1/test/api_users.html" "Mozilla/5.0 (Macintosh; Intel Mac OS X 10_9_0) AppleWebKit/537.36 (KHTML, like Gecko) Chrome/27.0.1453.116 Safari/537.36"
127.0.0.1 - - [06/Jul/2013:23:40:55 -0700] "POST /api/v1/users.php HTTP/1.1" 200 4 "http://pushchat.local:44447/api/v1/test/api_users.html" "Mozilla/5.0 (Macintosh; Intel Mac OS X 10_9_0) AppleWebKit/537.36 (KHTML, like Gecko) Chrome/27.0.1453.116 Safari/537.36"
127.0.0.1 - - [06/Jul/2013:23:40:58 -0700] "GET /api/v1/test/api_users.html HTTP/1.1" 304 - "-" "Mozilla/5.0 (Macintosh; Intel Mac OS X 10_9_0) AppleWebKit/537.36 (KHTML, like Gecko) Chrome/27.0.1453.116 Safari/537.36"
127.0.0.1 - - [06/Jul/2013:23:40:59 -0700] "POST /api/v1/users.php HTTP/1.1" 200 4 "http://pushchat.local:44447/api/v1/test/api_users.html" "Mozilla/5.0 (Macintosh; Intel Mac OS X 10_9_0) AppleWebKit/537.36 (KHTML, like Gecko) Chrome/27.0.1453.116 Safari/537.36"
127.0.0.1 - - [06/Jul/2013:23:41:09 -0700] "POST /api/v1/users.php HTTP/1.1" 200 4 "http://pushchat.local:44447/api/v1/test/api_users.html" "Mozilla/5.0 (Macintosh; Intel Mac OS X 10_9_0) AppleWebKit/537.36 (KHTML, like Gecko) Chrome/27.0.1453.116 Safari/537.36"
127.0.0.1 - - [06/Jul/2013:23:41:11 -0700] "GET /api/v1/test/api_users.html HTTP/1.1" 304 - "-" "Mozilla/5.0 (Macintosh; Intel Mac OS X 10_9_0) AppleWebKit/537.36 (KHTML, like Gecko) Chrome/27.0.1453.116 Safari/537.36"
127.0.0.1 - - [06/Jul/2013:23:41:11 -0700] "GET /favicon.ico HTTP/1.1" 200 1406 "-" "Mozilla/5.0 (Macintosh; Intel Mac OS X 10_9_0) AppleWebKit/537.36 (KHTML, like Gecko) Chrome/27.0.1453.116 Safari/537.36"
127.0.0.1 - - [06/Jul/2013:23:41:12 -0700] "POST /api/v1/users.php HTTP/1.1" 200 4 "http://pushchat.local:44447/api/v1/test/api_users.html" "Mozilla/5.0 (Macintosh; Intel Mac OS X 10_9_0) AppleWebKit/537.36 (KHTML, like Gecko) Chrome/27.0.1453.116 Safari/537.36"
127.0.0.1 - - [06/Jul/2013:23:41:21 -0700] "POST /api/v1/users.php HTTP/1.1" 200 4 "http://pushchat.local:44447/api/v1/test/api_users.html" "Mozilla/5.0 (Macintosh; Intel Mac OS X 10_9_0) AppleWebKit/537.36 (KHTML, like Gecko) Chrome/27.0.1453.116 Safari/537.36"
127.0.0.1 - - [06/Jul/2013:23:41:35 -0700] "POST /api/v1/users.php HTTP/1.1" 200 7 "http://pushchat.local:44447/api/v1/test/api_users.html" "Mozilla/5.0 (Macintosh; Intel Mac OS X 10_9_0) AppleWebKit/537.36 (KHTML, like Gecko) Chrome/27.0.1453.116 Safari/537.36"
127.0.0.1 - - [06/Jul/2013:23:41:43 -0700] "GET /api/v1/test/api_users.html HTTP/1.1" 304 - "-" "Mozilla/5.0 (Macintosh; Intel Mac OS X 10_9_0) AppleWebKit/537.36 (KHTML, like Gecko) Chrome/27.0.1453.116 Safari/537.36"
127.0.0.1 - - [06/Jul/2013:23:41:44 -0700] "POST /api/v1/users.php HTTP/1.1" 200 7 "http://pushchat.local:44447/api/v1/test/api_users.html" "Mozilla/5.0 (Macintosh; Intel Mac OS X 10_9_0) AppleWebKit/537.36 (KHTML, like Gecko) Chrome/27.0.1453.116 Safari/537.36"
127.0.0.1 - - [06/Jul/2013:23:42:01 -0700] "POST /api/v1/users.php HTTP/1.1" 200 7 "http://pushchat.local:44447/api/v1/test/api_users.html" "Mozilla/5.0 (Macintosh; Intel Mac OS X 10_9_0) AppleWebKit/537.36 (KHTML, like Gecko) Chrome/27.0.1453.116 Safari/537.36"
127.0.0.1 - - [06/Jul/2013:23:42:32 -0700] "POST /api/v1/users.php HTTP/1.1" 200 765 "http://pushchat.local:44447/api/v1/test/api_users.html" "Mozilla/5.0 (Macintosh; Intel Mac OS X 10_9_0) AppleWebKit/537.36 (KHTML, like Gecko) Chrome/27.0.1453.116 Safari/537.36"
127.0.0.1 - - [06/Jul/2013:23:43:19 -0700] "POST /api/v1/users.php HTTP/1.1" 200 741 "http://pushchat.local:44447/api/v1/test/api_users.html" "Mozilla/5.0 (Macintosh; Intel Mac OS X 10_9_0) AppleWebKit/537.36 (KHTML, like Gecko) Chrome/27.0.1453.116 Safari/537.36"
127.0.0.1 - - [06/Jul/2013:23:44:10 -0700] "POST /api/v1/users.php HTTP/1.1" 500 - "http://pushchat.local:44447/api/v1/test/api_users.html" "Mozilla/5.0 (Macintosh; Intel Mac OS X 10_9_0) AppleWebKit/537.36 (KHTML, like Gecko) Chrome/27.0.1453.116 Safari/537.36"
127.0.0.1 - - [06/Jul/2013:23:44:15 -0700] "GET /api/v1/test/api_users.html HTTP/1.1" 304 - "-" "Mozilla/5.0 (Macintosh; Intel Mac OS X 10_9_0) AppleWebKit/537.36 (KHTML, like Gecko) Chrome/27.0.1453.116 Safari/537.36"
127.0.0.1 - - [06/Jul/2013:23:44:16 -0700] "POST /api/v1/users.php HTTP/1.1" 500 - "http://pushchat.local:44447/api/v1/test/api_users.html" "Mozilla/5.0 (Macintosh; Intel Mac OS X 10_9_0) AppleWebKit/537.36 (KHTML, like Gecko) Chrome/27.0.1453.116 Safari/537.36"
127.0.0.1 - - [06/Jul/2013:23:44:24 -0700] "POST /api/v1/users.php HTTP/1.1" 500 - "http://pushchat.local:44447/api/v1/test/api_users.html" "Mozilla/5.0 (Macintosh; Intel Mac OS X 10_9_0) AppleWebKit/537.36 (KHTML, like Gecko) Chrome/27.0.1453.116 Safari/537.36"
127.0.0.1 - - [06/Jul/2013:23:44:28 -0700] "GET /api/v1/test/api_users.html HTTP/1.1" 304 - "-" "Mozilla/5.0 (Macintosh; Intel Mac OS X 10_9_0) AppleWebKit/537.36 (KHTML, like Gecko) Chrome/27.0.1453.116 Safari/537.36"
127.0.0.1 - - [06/Jul/2013:23:44:29 -0700] "POST /api/v1/users.php HTTP/1.1" 500 - "http://pushchat.local:44447/api/v1/test/api_users.html" "Mozilla/5.0 (Macintosh; Intel Mac OS X 10_9_0) AppleWebKit/537.36 (KHTML, like Gecko) Chrome/27.0.1453.116 Safari/537.36"
127.0.0.1 - - [06/Jul/2013:23:44:37 -0700] "POST /api/v1/users.php HTTP/1.1" 200 769 "http://pushchat.local:44447/api/v1/test/api_users.html" "Mozilla/5.0 (Macintosh; Intel Mac OS X 10_9_0) AppleWebKit/537.36 (KHTML, like Gecko) Chrome/27.0.1453.116 Safari/537.36"
127.0.0.1 - - [06/Jul/2013:23:44:43 -0700] "POST /api/v1/users.php HTTP/1.1" 200 741 "http://pushchat.local:44447/api/v1/test/api_users.html" "Mozilla/5.0 (Macintosh; Intel Mac OS X 10_9_0) AppleWebKit/537.36 (KHTML, like Gecko) Chrome/27.0.1453.116 Safari/537.36"
127.0.0.1 - - [06/Jul/2013:23:45:32 -0700] "POST /api/v1/users.php HTTP/1.1" 200 741 "http://pushchat.local:44447/api/v1/test/api_users.html" "Mozilla/5.0 (Macintosh; Intel Mac OS X 10_9_0) AppleWebKit/537.36 (KHTML, like Gecko) Chrome/27.0.1453.116 Safari/537.36"
127.0.0.1 - - [06/Jul/2013:23:46:51 -0700] "POST /api/v1/users.php HTTP/1.1" 200 173 "-" "Mozilla/5.0 (Macintosh; Intel Mac OS X 10_9_0) AppleWebKit/537.36 (KHTML, like Gecko) Chrome/27.0.1453.116 Safari/537.36"
127.0.0.1 - - [06/Jul/2013:23:47:11 -0700] "POST /api/v1/users.php HTTP/1.1" 200 14 "-" "Mozilla/5.0 (Macintosh; Intel Mac OS X 10_9_0) AppleWebKit/537.36 (KHTML, like Gecko) Chrome/27.0.1453.116 Safari/537.36"
127.0.0.1 - - [06/Jul/2013:23:47:41 -0700] "POST /api/v1/users.php HTTP/1.1" 200 187 "-" "Mozilla/5.0 (Macintosh; Intel Mac OS X 10_9_0) AppleWebKit/537.36 (KHTML, like Gecko) Chrome/27.0.1453.116 Safari/537.36"
127.0.0.1 - - [06/Jul/2013:23:47:42 -0700] "GET /api/v1/test/api_users.html HTTP/1.1" 200 386 "-" "Mozilla/5.0 (Macintosh; Intel Mac OS X 10_9_0) AppleWebKit/537.36 (KHTML, like Gecko) Chrome/27.0.1453.116 Safari/537.36"
127.0.0.1 - - [06/Jul/2013:23:47:43 -0700] "POST /api/v1/users.php HTTP/1.1" 200 187 "http://pushchat.local:44447/api/v1/test/api_users.html" "Mozilla/5.0 (Macintosh; Intel Mac OS X 10_9_0) AppleWebKit/537.36 (KHTML, like Gecko) Chrome/27.0.1453.116 Safari/537.36"
127.0.0.1 - - [06/Jul/2013:23:48:02 -0700] "POST /api/v1/users.php HTTP/1.1" 200 187 "http://pushchat.local:44447/api/v1/test/api_users.html" "Mozilla/5.0 (Macintosh; Intel Mac OS X 10_9_0) AppleWebKit/537.36 (KHTML, like Gecko) Chrome/27.0.1453.116 Safari/537.36"
127.0.0.1 - - [06/Jul/2013:23:48:10 -0700] "POST /api/v1/users.php HTTP/1.1" 200 506 "http://pushchat.local:44447/api/v1/test/api_users.html" "Mozilla/5.0 (Macintosh; Intel Mac OS X 10_9_0) AppleWebKit/537.36 (KHTML, like Gecko) Chrome/27.0.1453.116 Safari/537.36"
::1 - - [06/Jul/2013:23:48:49 -0700] "OPTIONS * HTTP/1.0" 200 - "-" "Apache/2.2.23 (Unix) mod_ssl/2.2.23 OpenSSL/0.9.8y DAV/2 PHP/5.4.10 (internal dummy connection)"
127.0.0.1 - - [06/Jul/2013:23:49:21 -0700] "POST /api/v1/users.php HTTP/1.1" 200 21 "http://pushchat.local:44447/api/v1/test/api_users.html" "Mozilla/5.0 (Macintosh; Intel Mac OS X 10_9_0) AppleWebKit/537.36 (KHTML, like Gecko) Chrome/27.0.1453.116 Safari/537.36"
127.0.0.1 - - [06/Jul/2013:23:49:21 -0700] "POST /api/v1/users.php HTTP/1.1" 200 512 "-" "Mozilla/5.0 (Macintosh; Intel Mac OS X 10_9_0) AppleWebKit/537.36 (KHTML, like Gecko) Chrome/27.0.1453.116 Safari/537.36"
::1 - - [06/Jul/2013:23:49:55 -0700] "OPTIONS * HTTP/1.0" 200 - "-" "Apache/2.2.23 (Unix) mod_ssl/2.2.23 OpenSSL/0.9.8y DAV/2 PHP/5.4.10 (internal dummy connection)"
::1 - - [06/Jul/2013:23:50:27 -0700] "OPTIONS * HTTP/1.0" 200 - "-" "Apache/2.2.23 (Unix) mod_ssl/2.2.23 OpenSSL/0.9.8y DAV/2 PHP/5.4.10 (internal dummy connection)"
127.0.0.1 - - [06/Jul/2013:23:55:57 -0700] "POST /api/v1/users.php HTTP/1.1" 500 - "-" "Mozilla/5.0 (Macintosh; Intel Mac OS X 10_9_0) AppleWebKit/537.36 (KHTML, like Gecko) Chrome/27.0.1453.116 Safari/537.36"
::1 - - [06/Jul/2013:23:56:14 -0700] "OPTIONS * HTTP/1.0" 200 - "-" "Apache/2.2.23 (Unix) mod_ssl/2.2.23 OpenSSL/0.9.8y DAV/2 PHP/5.4.10 (internal dummy connection)"
::1 - - [06/Jul/2013:23:56:24 -0700] "OPTIONS * HTTP/1.0" 200 - "-" "Apache/2.2.23 (Unix) mod_ssl/2.2.23 OpenSSL/0.9.8y DAV/2 PHP/5.4.10 (internal dummy connection)"
127.0.0.1 - - [06/Jul/2013:23:56:36 -0700] "POST /api/v1/users.php HTTP/1.1" 500 - "http://pushchat.local:44447/api/v1/test/api_users.html" "Mozilla/5.0 (Macintosh; Intel Mac OS X 10_9_0) AppleWebKit/537.36 (KHTML, like Gecko) Chrome/27.0.1453.116 Safari/537.36"
127.0.0.1 - - [06/Jul/2013:23:56:41 -0700] "POST /api/v1/users.php HTTP/1.1" 500 - "http://pushchat.local:44447/api/v1/test/api_users.html" "Mozilla/5.0 (Macintosh; Intel Mac OS X 10_9_0) AppleWebKit/537.36 (KHTML, like Gecko) Chrome/27.0.1453.116 Safari/537.36"
127.0.0.1 - - [06/Jul/2013:23:57:38 -0700] "POST /api/v1/users.php HTTP/1.1" 200 491 "http://pushchat.local:44447/api/v1/test/api_users.html" "Mozilla/5.0 (Macintosh; Intel Mac OS X 10_9_0) AppleWebKit/537.36 (KHTML, like Gecko) Chrome/27.0.1453.116 Safari/537.36"
127.0.0.1 - - [06/Jul/2013:23:57:56 -0700] "POST /api/v1/users.php HTTP/1.1" 200 - "http://pushchat.local:44447/api/v1/test/api_users.html" "Mozilla/5.0 (Macintosh; Intel Mac OS X 10_9_0) AppleWebKit/537.36 (KHTML, like Gecko) Chrome/27.0.1453.116 Safari/537.36"
127.0.0.1 - - [06/Jul/2013:23:58:32 -0700] "POST /api/v1/users.php HTTP/1.1" 200 - "http://pushchat.local:44447/api/v1/test/api_users.html" "Mozilla/5.0 (Macintosh; Intel Mac OS X 10_9_0) AppleWebKit/537.36 (KHTML, like Gecko) Chrome/27.0.1453.116 Safari/537.36"
127.0.0.1 - - [06/Jul/2013:23:58:34 -0700] "POST /api/v1/users.php HTTP/1.1" 200 - "http://pushchat.local:44447/api/v1/test/api_users.html" "Mozilla/5.0 (Macintosh; Intel Mac OS X 10_9_0) AppleWebKit/537.36 (KHTML, like Gecko) Chrome/27.0.1453.116 Safari/537.36"
127.0.0.1 - - [06/Jul/2013:23:58:35 -0700] "POST /api/v1/users.php HTTP/1.1" 200 - "http://pushchat.local:44447/api/v1/test/api_users.html" "Mozilla/5.0 (Macintosh; Intel Mac OS X 10_9_0) AppleWebKit/537.36 (KHTML, like Gecko) Chrome/27.0.1453.116 Safari/537.36"
127.0.0.1 - - [06/Jul/2013:23:58:36 -0700] "POST /api/v1/users.php HTTP/1.1" 200 - "http://pushchat.local:44447/api/v1/test/api_users.html" "Mozilla/5.0 (Macintosh; Intel Mac OS X 10_9_0) AppleWebKit/537.36 (KHTML, like Gecko) Chrome/27.0.1453.116 Safari/537.36"
127.0.0.1 - - [06/Jul/2013:23:58:37 -0700] "POST /api/v1/users.php HTTP/1.1" 200 - "http://pushchat.local:44447/api/v1/test/api_users.html" "Mozilla/5.0 (Macintosh; Intel Mac OS X 10_9_0) AppleWebKit/537.36 (KHTML, like Gecko) Chrome/27.0.1453.116 Safari/537.36"
127.0.0.1 - - [06/Jul/2013:23:59:26 -0700] "POST /api/v1/users.php HTTP/1.1" 200 - "http://pushchat.local:44447/api/v1/test/api_users.html" "Mozilla/5.0 (Macintosh; Intel Mac OS X 10_9_0) AppleWebKit/537.36 (KHTML, like Gecko) Chrome/27.0.1453.116 Safari/537.36"
127.0.0.1 - - [06/Jul/2013:23:59:31 -0700] "POST /api/v1/users.php HTTP/1.1" 200 - "http://pushchat.local:44447/api/v1/test/api_users.html" "Mozilla/5.0 (Macintosh; Intel Mac OS X 10_9_0) AppleWebKit/537.36 (KHTML, like Gecko) Chrome/27.0.1453.116 Safari/537.36"
127.0.0.1 - - [06/Jul/2013:23:59:32 -0700] "POST /api/v1/users.php HTTP/1.1" 200 - "http://pushchat.local:44447/api/v1/test/api_users.html" "Mozilla/5.0 (Macintosh; Intel Mac OS X 10_9_0) AppleWebKit/537.36 (KHTML, like Gecko) Chrome/27.0.1453.116 Safari/537.36"
127.0.0.1 - - [06/Jul/2013:23:59:33 -0700] "POST /api/v1/users.php HTTP/1.1" 200 - "http://pushchat.local:44447/api/v1/test/api_users.html" "Mozilla/5.0 (Macintosh; Intel Mac OS X 10_9_0) AppleWebKit/537.36 (KHTML, like Gecko) Chrome/27.0.1453.116 Safari/537.36"
127.0.0.1 - - [06/Jul/2013:23:59:34 -0700] "POST /api/v1/users.php HTTP/1.1" 200 - "http://pushchat.local:44447/api/v1/test/api_users.html" "Mozilla/5.0 (Macintosh; Intel Mac OS X 10_9_0) AppleWebKit/537.36 (KHTML, like Gecko) Chrome/27.0.1453.116 Safari/537.36"
127.0.0.1 - - [07/Jul/2013:00:00:12 -0700] "POST /api/v1/users.php HTTP/1.1" 200 - "http://pushchat.local:44447/api/v1/test/api_users.html" "Mozilla/5.0 (Macintosh; Intel Mac OS X 10_9_0) AppleWebKit/537.36 (KHTML, like Gecko) Chrome/27.0.1453.116 Safari/537.36"
127.0.0.1 - - [07/Jul/2013:00:02:41 -0700] "POST /api/v1/users.php HTTP/1.1" 500 - "-" "Mozilla/5.0 (Macintosh; Intel Mac OS X 10_9_0) AppleWebKit/537.36 (KHTML, like Gecko) Chrome/27.0.1453.116 Safari/537.36"
127.0.0.1 - - [07/Jul/2013:00:02:53 -0700] "POST /api/v1/users.php HTTP/1.1" 500 - "http://pushchat.local:44447/api/v1/test/api_users.html" "Mozilla/5.0 (Macintosh; Intel Mac OS X 10_9_0) AppleWebKit/537.36 (KHTML, like Gecko) Chrome/27.0.1453.116 Safari/537.36"
127.0.0.1 - - [07/Jul/2013:00:03:10 -0700] "POST /api/v1/users.php HTTP/1.1" 500 - "http://pushchat.local:44447/api/v1/test/api_users.html" "Mozilla/5.0 (Macintosh; Intel Mac OS X 10_9_0) AppleWebKit/537.36 (KHTML, like Gecko) Chrome/27.0.1453.116 Safari/537.36"
127.0.0.1 - - [07/Jul/2013:00:03:16 -0700] "GET /api/v1/test/api_users.html HTTP/1.1" 304 - "-" "Mozilla/5.0 (Macintosh; Intel Mac OS X 10_9_0) AppleWebKit/537.36 (KHTML, like Gecko) Chrome/27.0.1453.116 Safari/537.36"
127.0.0.1 - - [07/Jul/2013:00:03:19 -0700] "POST /api/v1/users.php HTTP/1.1" 500 - "http://pushchat.local:44447/api/v1/test/api_users.html" "Mozilla/5.0 (Macintosh; Intel Mac OS X 10_9_0) AppleWebKit/537.36 (KHTML, like Gecko) Chrome/27.0.1453.116 Safari/537.36"
127.0.0.1 - - [07/Jul/2013:00:03:56 -0700] "POST /api/v1/users.php HTTP/1.1" 200 - "http://pushchat.local:44447/api/v1/test/api_users.html" "Mozilla/5.0 (Macintosh; Intel Mac OS X 10_9_0) AppleWebKit/537.36 (KHTML, like Gecko) Chrome/27.0.1453.116 Safari/537.36"
127.0.0.1 - - [07/Jul/2013:00:04:33 -0700] "POST /api/v1/users.php HTTP/1.1" 200 - "http://pushchat.local:44447/api/v1/test/api_users.html" "Mozilla/5.0 (Macintosh; Intel Mac OS X 10_9_0) AppleWebKit/537.36 (KHTML, like Gecko) Chrome/27.0.1453.116 Safari/537.36"
127.0.0.1 - - [07/Jul/2013:00:04:35 -0700] "POST /api/v1/users.php HTTP/1.1" 200 - "-" "Mozilla/5.0 (Macintosh; Intel Mac OS X 10_9_0) AppleWebKit/537.36 (KHTML, like Gecko) Chrome/27.0.1453.116 Safari/537.36"
127.0.0.1 - - [07/Jul/2013:00:04:36 -0700] "POST /api/v1/users.php HTTP/1.1" 200 - "-" "Mozilla/5.0 (Macintosh; Intel Mac OS X 10_9_0) AppleWebKit/537.36 (KHTML, like Gecko) Chrome/27.0.1453.116 Safari/537.36"
127.0.0.1 - - [07/Jul/2013:00:05:11 -0700] "POST /api/v1/users.php HTTP/1.1" 200 4 "-" "Mozilla/5.0 (Macintosh; Intel Mac OS X 10_9_0) AppleWebKit/537.36 (KHTML, like Gecko) Chrome/27.0.1453.116 Safari/537.36"
127.0.0.1 - - [07/Jul/2013:00:11:20 -0700] "POST /api/v1/users.php HTTP/1.1" 200 4 "-" "Mozilla/5.0 (Macintosh; Intel Mac OS X 10_9_0) AppleWebKit/537.36 (KHTML, like Gecko) Chrome/27.0.1453.116 Safari/537.36"
127.0.0.1 - - [07/Jul/2013:00:22:25 -0700] "POST /api/v1/users.php HTTP/1.1" 200 154 "-" "Mozilla/5.0 (Macintosh; Intel Mac OS X 10_9_0) AppleWebKit/537.36 (KHTML, like Gecko) Chrome/27.0.1453.116 Safari/537.36"
127.0.0.1 - - [07/Jul/2013:00:22:39 -0700] "POST /api/v1/users.php?uuid=%2223434%22 HTTP/1.1" 200 154 "-" "Mozilla/5.0 (Macintosh; Intel Mac OS X 10_9_0) AppleWebKit/537.36 (KHTML, like Gecko) Chrome/27.0.1453.116 Safari/537.36"
127.0.0.1 - - [07/Jul/2013:00:23:05 -0700] "POST /api/v1/users.php?uuid=%2223434%22 HTTP/1.1" 200 154 "-" "Mozilla/5.0 (Macintosh; Intel Mac OS X 10_9_0) AppleWebKit/537.36 (KHTML, like Gecko) Chrome/27.0.1453.116 Safari/537.36"
127.0.0.1 - - [07/Jul/2013:00:24:08 -0700] "POST /api/v1/users.php?uuid=%2223434%22 HTTP/1.1" 200 154 "-" "Mozilla/5.0 (Macintosh; Intel Mac OS X 10_9_0) AppleWebKit/537.36 (KHTML, like Gecko) Chrome/27.0.1453.116 Safari/537.36"
127.0.0.1 - - [07/Jul/2013:00:24:40 -0700] "POST /api/v1/users.php HTTP/1.1" 200 18 "-" "Mozilla/5.0 (Macintosh; Intel Mac OS X 10_9_0) AppleWebKit/537.36 (KHTML, like Gecko) Chrome/27.0.1453.116 Safari/537.36"
127.0.0.1 - - [07/Jul/2013:00:25:19 -0700] "GET /api/v1/users.php?uuid=%2223434%22 HTTP/1.1" 200 16 "-" "Mozilla/5.0 (Macintosh; Intel Mac OS X 10_9_0) AppleWebKit/537.36 (KHTML, like Gecko) Chrome/27.0.1453.116 Safari/537.36"
127.0.0.1 - - [07/Jul/2013:00:25:45 -0700] "GET /api/v1/users.php?uuid=%2223434%22 HTTP/1.1" 500 - "-" "Mozilla/5.0 (Macintosh; Intel Mac OS X 10_9_0) AppleWebKit/537.36 (KHTML, like Gecko) Chrome/27.0.1453.116 Safari/537.36"
127.0.0.1 - - [07/Jul/2013:00:25:47 -0700] "GET /api/v1/users.php?uuid=%2223434%22 HTTP/1.1" 500 - "-" "Mozilla/5.0 (Macintosh; Intel Mac OS X 10_9_0) AppleWebKit/537.36 (KHTML, like Gecko) Chrome/27.0.1453.116 Safari/537.36"
127.0.0.1 - - [07/Jul/2013:00:25:47 -0700] "GET /api/v1/users.php?uuid=%2223434%22 HTTP/1.1" 500 - "-" "Mozilla/5.0 (Macintosh; Intel Mac OS X 10_9_0) AppleWebKit/537.36 (KHTML, like Gecko) Chrome/27.0.1453.116 Safari/537.36"
127.0.0.1 - - [07/Jul/2013:00:25:48 -0700] "GET /api/v1/users.php?uuid=%2223434%22 HTTP/1.1" 500 - "-" "Mozilla/5.0 (Macintosh; Intel Mac OS X 10_9_0) AppleWebKit/537.36 (KHTML, like Gecko) Chrome/27.0.1453.116 Safari/537.36"
127.0.0.1 - - [07/Jul/2013:00:25:48 -0700] "GET /api/v1/users.php?uuid=%2223434%22 HTTP/1.1" 500 - "-" "Mozilla/5.0 (Macintosh; Intel Mac OS X 10_9_0) AppleWebKit/537.36 (KHTML, like Gecko) Chrome/27.0.1453.116 Safari/537.36"
127.0.0.1 - - [07/Jul/2013:00:25:48 -0700] "GET /api/v1/users.php?uuid=%2223434%22 HTTP/1.1" 500 - "-" "Mozilla/5.0 (Macintosh; Intel Mac OS X 10_9_0) AppleWebKit/537.36 (KHTML, like Gecko) Chrome/27.0.1453.116 Safari/537.36"
127.0.0.1 - - [07/Jul/2013:00:25:48 -0700] "GET /api/v1/users.php?uuid=%2223434%22 HTTP/1.1" 500 - "-" "Mozilla/5.0 (Macintosh; Intel Mac OS X 10_9_0) AppleWebKit/537.36 (KHTML, like Gecko) Chrome/27.0.1453.116 Safari/537.36"
127.0.0.1 - - [07/Jul/2013:00:25:48 -0700] "GET /api/v1/users.php?uuid=%2223434%22 HTTP/1.1" 500 - "-" "Mozilla/5.0 (Macintosh; Intel Mac OS X 10_9_0) AppleWebKit/537.36 (KHTML, like Gecko) Chrome/27.0.1453.116 Safari/537.36"
127.0.0.1 - - [07/Jul/2013:00:26:43 -0700] "GET /api/v1/users.php?uuid=%2223434%22 HTTP/1.1" 200 20 "-" "Mozilla/5.0 (Macintosh; Intel Mac OS X 10_9_0) AppleWebKit/537.36 (KHTML, like Gecko) Chrome/27.0.1453.116 Safari/537.36"
127.0.0.1 - - [07/Jul/2013:00:26:55 -0700] "GET /api/v1/users.php?uuid=%2223434%22 HTTP/1.1" 200 20 "-" "Mozilla/5.0 (Macintosh; Intel Mac OS X 10_9_0) AppleWebKit/537.36 (KHTML, like Gecko) Chrome/27.0.1453.116 Safari/537.36"
127.0.0.1 - - [07/Jul/2013:00:28:35 -0700] "GET /api/v1/users.php?uuid=%2223434%22 HTTP/1.1" 200 20 "-" "Mozilla/5.0 (Macintosh; Intel Mac OS X 10_9_0) AppleWebKit/537.36 (KHTML, like Gecko) Chrome/27.0.1453.116 Safari/537.36"
127.0.0.1 - - [07/Jul/2013:00:29:19 -0700] "GET /api/v1/users.php HTTP/1.1" 200 157 "-" "Mozilla/5.0 (Macintosh; Intel Mac OS X 10_9_0) AppleWebKit/537.36 (KHTML, like Gecko) Chrome/27.0.1453.116 Safari/537.36"
127.0.0.1 - - [07/Jul/2013:00:29:19 -0700] "GET /favicon.ico HTTP/1.1" 200 1406 "-" "Mozilla/5.0 (Macintosh; Intel Mac OS X 10_9_0) AppleWebKit/537.36 (KHTML, like Gecko) Chrome/27.0.1453.116 Safari/537.36"
127.0.0.1 - - [07/Jul/2013:00:29:34 -0700] "GET /api/v1/users.php HTTP/1.1" 200 157 "-" "Mozilla/5.0 (Macintosh; Intel Mac OS X 10_9_0) AppleWebKit/537.36 (KHTML, like Gecko) Chrome/27.0.1453.116 Safari/537.36"
127.0.0.1 - - [07/Jul/2013:00:29:45 -0700] "GET /api/v1/test/api_users.html HTTP/1.1" 200 386 "-" "Mozilla/5.0 (Macintosh; Intel Mac OS X 10_9_0) AppleWebKit/537.36 (KHTML, like Gecko) Chrome/27.0.1453.116 Safari/537.36"
127.0.0.1 - - [07/Jul/2013:00:29:46 -0700] "POST /api/v1/users.php HTTP/1.1" 200 158 "http://127.0.0.1:44447/api/v1/test/api_users.html" "Mozilla/5.0 (Macintosh; Intel Mac OS X 10_9_0) AppleWebKit/537.36 (KHTML, like Gecko) Chrome/27.0.1453.116 Safari/537.36"
127.0.0.1 - - [07/Jul/2013:00:31:42 -0700] "POST /api/v1/users.php HTTP/1.1" 200 182 "http://127.0.0.1:44447/api/v1/test/api_users.html" "Mozilla/5.0 (Macintosh; Intel Mac OS X 10_9_0) AppleWebKit/537.36 (KHTML, like Gecko) Chrome/27.0.1453.116 Safari/537.36"
127.0.0.1 - - [07/Jul/2013:00:32:36 -0700] "POST /api/v1/users.php HTTP/1.1" 200 830 "http://127.0.0.1:44447/api/v1/test/api_users.html" "Mozilla/5.0 (Macintosh; Intel Mac OS X 10_9_0) AppleWebKit/537.36 (KHTML, like Gecko) Chrome/27.0.1453.116 Safari/537.36"
127.0.0.1 - - [07/Jul/2013:00:33:03 -0700] "POST /api/v1/users.php HTTP/1.1" 200 830 "http://127.0.0.1:44447/api/v1/test/api_users.html" "Mozilla/5.0 (Macintosh; Intel Mac OS X 10_9_0) AppleWebKit/537.36 (KHTML, like Gecko) Chrome/27.0.1453.116 Safari/537.36"
127.0.0.1 - - [07/Jul/2013:00:33:05 -0700] "GET /api/v1/test/api_users.html HTTP/1.1" 304 - "-" "Mozilla/5.0 (Macintosh; Intel Mac OS X 10_9_0) AppleWebKit/537.36 (KHTML, like Gecko) Chrome/27.0.1453.116 Safari/537.36"
127.0.0.1 - - [07/Jul/2013:00:33:06 -0700] "POST /api/v1/users.php HTTP/1.1" 200 830 "http://127.0.0.1:44447/api/v1/test/api_users.html" "Mozilla/5.0 (Macintosh; Intel Mac OS X 10_9_0) AppleWebKit/537.36 (KHTML, like Gecko) Chrome/27.0.1453.116 Safari/537.36"
127.0.0.1 - - [07/Jul/2013:00:33:49 -0700] "POST /api/v1/users.php HTTP/1.1" 200 8 "http://127.0.0.1:44447/api/v1/test/api_users.html" "Mozilla/5.0 (Macintosh; Intel Mac OS X 10_9_0) AppleWebKit/537.36 (KHTML, like Gecko) Chrome/27.0.1453.116 Safari/537.36"
127.0.0.1 - - [07/Jul/2013:00:33:52 -0700] "POST /api/v1/users.php HTTP/1.1" 200 8 "http://127.0.0.1:44447/api/v1/test/api_users.html" "Mozilla/5.0 (Macintosh; Intel Mac OS X 10_9_0) AppleWebKit/537.36 (KHTML, like Gecko) Chrome/27.0.1453.116 Safari/537.36"
127.0.0.1 - - [07/Jul/2013:00:34:12 -0700] "POST /api/v1/users.php HTTP/1.1" 200 278 "http://127.0.0.1:44447/api/v1/test/api_users.html" "Mozilla/5.0 (Macintosh; Intel Mac OS X 10_9_0) AppleWebKit/537.36 (KHTML, like Gecko) Chrome/27.0.1453.116 Safari/537.36"
127.0.0.1 - - [07/Jul/2013:00:35:24 -0700] "POST /api/v1/users.php HTTP/1.1" 400 8 "http://127.0.0.1:44447/api/v1/test/api_users.html" "Mozilla/5.0 (Macintosh; Intel Mac OS X 10_9_0) AppleWebKit/537.36 (KHTML, like Gecko) Chrome/27.0.1453.116 Safari/537.36"
127.0.0.1 - - [07/Jul/2013:00:35:42 -0700] "POST /api/v1/users.php HTTP/1.1" 400 8 "http://127.0.0.1:44447/api/v1/test/api_users.html" "Mozilla/5.0 (Macintosh; Intel Mac OS X 10_9_0) AppleWebKit/537.36 (KHTML, like Gecko) Chrome/27.0.1453.116 Safari/537.36"
127.0.0.1 - - [07/Jul/2013:00:35:58 -0700] "POST /api/v1/users.php HTTP/1.1" 400 8 "http://127.0.0.1:44447/api/v1/test/api_users.html" "Mozilla/5.0 (Macintosh; Intel Mac OS X 10_9_0) AppleWebKit/537.36 (KHTML, like Gecko) Chrome/27.0.1453.116 Safari/537.36"
127.0.0.1 - - [07/Jul/2013:00:36:13 -0700] "POST /api/v1/users.php HTTP/1.1" 400 8 "http://127.0.0.1:44447/api/v1/test/api_users.html" "Mozilla/5.0 (Macintosh; Intel Mac OS X 10_9_0) AppleWebKit/537.36 (KHTML, like Gecko) Chrome/27.0.1453.116 Safari/537.36"
127.0.0.1 - - [07/Jul/2013:00:36:23 -0700] "POST /api/v1/users.php HTTP/1.1" 400 8 "http://127.0.0.1:44447/api/v1/test/api_users.html" "Mozilla/5.0 (Macintosh; Intel Mac OS X 10_9_0) AppleWebKit/537.36 (KHTML, like Gecko) Chrome/27.0.1453.116 Safari/537.36"
127.0.0.1 - - [07/Jul/2013:00:36:41 -0700] "POST /api/v1/users.php HTTP/1.1" 400 20 "http://127.0.0.1:44447/api/v1/test/api_users.html" "Mozilla/5.0 (Macintosh; Intel Mac OS X 10_9_0) AppleWebKit/537.36 (KHTML, like Gecko) Chrome/27.0.1453.116 Safari/537.36"
127.0.0.1 - - [07/Jul/2013:00:37:01 -0700] "POST /api/v1/users.php HTTP/1.1" 400 18 "http://127.0.0.1:44447/api/v1/test/api_users.html" "Mozilla/5.0 (Macintosh; Intel Mac OS X 10_9_0) AppleWebKit/537.36 (KHTML, like Gecko) Chrome/27.0.1453.116 Safari/537.36"
127.0.0.1 - - [07/Jul/2013:00:37:07 -0700] "POST /api/v1/users.php HTTP/1.1" 400 16 "http://127.0.0.1:44447/api/v1/test/api_users.html" "Mozilla/5.0 (Macintosh; Intel Mac OS X 10_9_0) AppleWebKit/537.36 (KHTML, like Gecko) Chrome/27.0.1453.116 Safari/537.36"
127.0.0.1 - - [07/Jul/2013:00:40:17 -0700] "GET /api/v1/users.php HTTP/1.1" 200 153 "-" "Mozilla/5.0 (Macintosh; Intel Mac OS X 10_9_0) AppleWebKit/537.36 (KHTML, like Gecko) Chrome/27.0.1453.116 Safari/537.36"
127.0.0.1 - - [07/Jul/2013:00:40:31 -0700] "POST /api/v1/users.php HTTP/1.1" 400 32 "http://127.0.0.1:44447/api/v1/test/api_users.html" "Mozilla/5.0 (Macintosh; Intel Mac OS X 10_9_0) AppleWebKit/537.36 (KHTML, like Gecko) Chrome/27.0.1453.116 Safari/537.36"
127.0.0.1 - - [07/Jul/2013:00:41:51 -0700] "GET /api/v1/users.php?passcode=passpass&first_name=zakk&last_name=hoyt&email=zakkhoyt@gmail.com HTTP/1.1" 200 153 "-" "Mozilla/5.0 (Macintosh; Intel Mac OS X 10_9_0) AppleWebKit/537.36 (KHTML, like Gecko) Chrome/27.0.1453.116 Safari/537.36"
127.0.0.1 - - [07/Jul/2013:00:41:54 -0700] "GET /api/v1/users.php?passcode=passpass&first_name=zakk&last_name=hoyt&email=zakkhoyt@gmail.com HTTP/1.1" 200 153 "-" "Mozilla/5.0 (Macintosh; Intel Mac OS X 10_9_0) AppleWebKit/537.36 (KHTML, like Gecko) Chrome/27.0.1453.116 Safari/537.36"
127.0.0.1 - - [07/Jul/2013:00:42:05 -0700] "POST /api/v1/users.php?passcode=passpass&first_name=zakk&last_name=hoyt&email=zakkhoyt@gmail.com HTTP/1.1" 400 32 "-" "Mozilla/5.0 (Macintosh; Intel Mac OS X 10_9_0) AppleWebKit/537.36 (KHTML, like Gecko) Chrome/27.0.1453.116 Safari/537.36"
127.0.0.1 - - [07/Jul/2013:00:42:15 -0700] "POST /api/v1/users.php?password=passpass&first_name=zakk&last_name=hoyt&email=zakkhoyt@gmail.com HTTP/1.1" 400 32 "-" "Mozilla/5.0 (Macintosh; Intel Mac OS X 10_9_0) AppleWebKit/537.36 (KHTML, like Gecko) Chrome/27.0.1453.116 Safari/537.36"
127.0.0.1 - - [07/Jul/2013:00:43:01 -0700] "POST /api/v1/users.php?password=passpass&first_name=zakk&last_name=hoyt&email=zakkhoyt@gmail.com HTTP/1.1" 500 - "-" "Mozilla/5.0 (Macintosh; Intel Mac OS X 10_9_0) AppleWebKit/537.36 (KHTML, like Gecko) Chrome/27.0.1453.116 Safari/537.36"
127.0.0.1 - - [07/Jul/2013:00:43:15 -0700] "POST /api/v1/users.php?password=passpass&first_name=zakk&last_name=hoyt&email=zakkhoyt@gmail.com HTTP/1.1" 500 - "-" "Mozilla/5.0 (Macintosh; Intel Mac OS X 10_9_0) AppleWebKit/537.36 (KHTML, like Gecko) Chrome/27.0.1453.116 Safari/537.36"
127.0.0.1 - - [07/Jul/2013:00:43:30 -0700] "POST /api/v1/users.php HTTP/1.1" 500 - "-" "Mozilla/5.0 (Macintosh; Intel Mac OS X 10_9_0) AppleWebKit/537.36 (KHTML, like Gecko) Chrome/27.0.1453.116 Safari/537.36"
127.0.0.1 - - [07/Jul/2013:00:43:35 -0700] "POST /api/v1/users.php HTTP/1.1" 500 - "-" "Mozilla/5.0 (Macintosh; Intel Mac OS X 10_9_0) AppleWebKit/537.36 (KHTML, like Gecko) Chrome/27.0.1453.116 Safari/537.36"
127.0.0.1 - - [07/Jul/2013:00:43:43 -0700] "POST /api/v1/users.php?password=passpass&first_name=zakk&last_name=hoyt&email=zakkhoyt@gmail.com HTTP/1.1" 500 - "-" "Mozilla/5.0 (Macintosh; Intel Mac OS X 10_9_0) AppleWebKit/537.36 (KHTML, like Gecko) Chrome/27.0.1453.116 Safari/537.36"
127.0.0.1 - - [07/Jul/2013:00:43:45 -0700] "POST /api/v1/users.php?password=passpass&first_name=zakk&last_name=hoyt&email=zakkhoyt@gmail.com HTTP/1.1" 500 - "-" "Mozilla/5.0 (Macintosh; Intel Mac OS X 10_9_0) AppleWebKit/537.36 (KHTML, like Gecko) Chrome/27.0.1453.116 Safari/537.36"
127.0.0.1 - - [07/Jul/2013:00:43:45 -0700] "POST /api/v1/users.php?password=passpass&first_name=zakk&last_name=hoyt&email=zakkhoyt@gmail.com HTTP/1.1" 500 - "-" "Mozilla/5.0 (Macintosh; Intel Mac OS X 10_9_0) AppleWebKit/537.36 (KHTML, like Gecko) Chrome/27.0.1453.116 Safari/537.36"
127.0.0.1 - - [07/Jul/2013:00:43:46 -0700] "POST /api/v1/users.php?password=passpass&first_name=zakk&last_name=hoyt&email=zakkhoyt@gmail.com HTTP/1.1" 500 - "-" "Mozilla/5.0 (Macintosh; Intel Mac OS X 10_9_0) AppleWebKit/537.36 (KHTML, like Gecko) Chrome/27.0.1453.116 Safari/537.36"
127.0.0.1 - - [07/Jul/2013:00:44:17 -0700] "POST /api/v1/users.php?password=passpass&first_name=zakk&last_name=hoyt&email=zakkhoyt@gmail.com HTTP/1.1" 400 22 "-" "Mozilla/5.0 (Macintosh; Intel Mac OS X 10_9_0) AppleWebKit/537.36 (KHTML, like Gecko) Chrome/27.0.1453.116 Safari/537.36"
127.0.0.1 - - [07/Jul/2013:00:44:30 -0700] "POST /api/v1/users.php?first_name=zakk HTTP/1.1" 400 22 "-" "Mozilla/5.0 (Macintosh; Intel Mac OS X 10_9_0) AppleWebKit/537.36 (KHTML, like Gecko) Chrome/27.0.1453.116 Safari/537.36"
127.0.0.1 - - [07/Jul/2013:00:44:55 -0700] "POST /api/v1/users.php?first_name=zakk HTTP/1.1" 200 4 "-" "Mozilla/5.0 (Macintosh; Intel Mac OS X 10_9_0) AppleWebKit/537.36 (KHTML, like Gecko) Chrome/27.0.1453.116 Safari/537.36"
127.0.0.1 - - [07/Jul/2013:00:45:09 -0700] "POST /api/v1/users.php?first_name=zakk HTTP/1.1" 200 36 "-" "Mozilla/5.0 (Macintosh; Intel Mac OS X 10_9_0) AppleWebKit/537.36 (KHTML, like Gecko) Chrome/27.0.1453.116 Safari/537.36"
127.0.0.1 - - [07/Jul/2013:00:45:30 -0700] "POST /api/v1/users.php?first_name=zakk HTTP/1.1" 400 176 "-" "Mozilla/5.0 (Macintosh; Intel Mac OS X 10_9_0) AppleWebKit/537.36 (KHTML, like Gecko) Chrome/27.0.1453.116 Safari/537.36"
127.0.0.1 - - [07/Jul/2013:00:45:42 -0700] "POST /api/v1/users.php?first_name=zakk HTTP/1.1" 200 164 "-" "Mozilla/5.0 (Macintosh; Intel Mac OS X 10_9_0) AppleWebKit/537.36 (KHTML, like Gecko) Chrome/27.0.1453.116 Safari/537.36"
127.0.0.1 - - [07/Jul/2013:00:46:24 -0700] "POST /api/v1/users.php?first_name=zakk HTTP/1.1" 400 177 "-" "Mozilla/5.0 (Macintosh; Intel Mac OS X 10_9_0) AppleWebKit/537.36 (KHTML, like Gecko) Chrome/27.0.1453.116 Safari/537.36"
127.0.0.1 - - [07/Jul/2013:00:46:37 -0700] "POST /api/v1/users.php?first_name=zakk HTTP/1.1" 200 167 "-" "Mozilla/5.0 (Macintosh; Intel Mac OS X 10_9_0) AppleWebKit/537.36 (KHTML, like Gecko) Chrome/27.0.1453.116 Safari/537.36"
127.0.0.1 - - [07/Jul/2013:00:46:49 -0700] "POST /api/v1/users.php?first_name=zakk HTTP/1.1" 400 56 "-" "Mozilla/5.0 (Macintosh; Intel Mac OS X 10_9_0) AppleWebKit/537.36 (KHTML, like Gecko) Chrome/27.0.1453.116 Safari/537.36"
127.0.0.1 - - [07/Jul/2013:00:47:32 -0700] "POST /api/v1/users.php HTTP/1.1" 200 275 "-" "Mozilla/5.0 (Macintosh; Intel Mac OS X 10_9_0) AppleWebKit/537.36 (KHTML, like Gecko) Chrome/27.0.1453.116 Safari/537.36"
127.0.0.1 - - [07/Jul/2013:00:48:25 -0700] "POST /api/v1/users.php HTTP/1.1" 400 151 "-" "Mozilla/5.0 (Macintosh; Intel Mac OS X 10_9_0) AppleWebKit/537.36 (KHTML, like Gecko) Chrome/27.0.1453.116 Safari/537.36"
127.0.0.1 - - [07/Jul/2013:00:48:41 -0700] "POST /api/v1/users.php HTTP/1.1" 200 154 "-" "Mozilla/5.0 (Macintosh; Intel Mac OS X 10_9_0) AppleWebKit/537.36 (KHTML, like Gecko) Chrome/27.0.1453.116 Safari/537.36"
127.0.0.1 - - [07/Jul/2013:00:50:56 -0700] "POST /api/v1/users.php HTTP/1.1" 500 - "-" "Mozilla/5.0 (Macintosh; Intel Mac OS X 10_9_0) AppleWebKit/537.36 (KHTML, like Gecko) Chrome/27.0.1453.116 Safari/537.36"
127.0.0.1 - - [07/Jul/2013:00:51:15 -0700] "POST /api/v1/users.php HTTP/1.1" 500 - "-" "Mozilla/5.0 (Macintosh; Intel Mac OS X 10_9_0) AppleWebKit/537.36 (KHTML, like Gecko) Chrome/27.0.1453.116 Safari/537.36"
127.0.0.1 - - [07/Jul/2013:00:51:25 -0700] "POST /api/v1/users.php HTTP/1.1" 200 27 "-" "Mozilla/5.0 (Macintosh; Intel Mac OS X 10_9_0) AppleWebKit/537.36 (KHTML, like Gecko) Chrome/27.0.1453.116 Safari/537.36"
127.0.0.1 - - [07/Jul/2013:00:51:35 -0700] "POST /api/v1/users.php HTTP/1.1" 200 27 "-" "Mozilla/5.0 (Macintosh; Intel Mac OS X 10_9_0) AppleWebKit/537.36 (KHTML, like Gecko) Chrome/27.0.1453.116 Safari/537.36"
127.0.0.1 - - [07/Jul/2013:00:52:37 -0700] "POST /api/v1/users.php HTTP/1.1" 200 27 "-" "Mozilla/5.0 (Macintosh; Intel Mac OS X 10_9_0) AppleWebKit/537.36 (KHTML, like Gecko) Chrome/27.0.1453.116 Safari/537.36"
::1 - - [07/Jul/2013:00:54:35 -0700] "OPTIONS * HTTP/1.0" 200 - "-" "Apache/2.2.23 (Unix) mod_ssl/2.2.23 OpenSSL/0.9.8y DAV/2 PHP/5.4.10 (internal dummy connection)"
::1 - - [07/Jul/2013:00:54:36 -0700] "OPTIONS * HTTP/1.0" 200 - "-" "Apache/2.2.23 (Unix) mod_ssl/2.2.23 OpenSSL/0.9.8y DAV/2 PHP/5.4.10 (internal dummy connection)"
::1 - - [07/Jul/2013:00:54:44 -0700] "OPTIONS * HTTP/1.0" 200 - "-" "Apache/2.2.23 (Unix) mod_ssl/2.2.23 OpenSSL/0.9.8y DAV/2 PHP/5.4.10 (internal dummy connection)"
127.0.0.1 - - [07/Jul/2013:00:54:48 -0700] "POST /api/v1/users.php HTTP/1.1" 200 27 "-" "Mozilla/5.0 (Macintosh; Intel Mac OS X 10_9_0) AppleWebKit/537.36 (KHTML, like Gecko) Chrome/27.0.1453.116 Safari/537.36"
::1 - - [07/Jul/2013:00:54:58 -0700] "OPTIONS * HTTP/1.0" 200 - "-" "Apache/2.2.23 (Unix) mod_ssl/2.2.23 OpenSSL/0.9.8y DAV/2 PHP/5.4.10 (internal dummy connection)"
::1 - - [07/Jul/2013:00:54:59 -0700] "OPTIONS * HTTP/1.0" 200 - "-" "Apache/2.2.23 (Unix) mod_ssl/2.2.23 OpenSSL/0.9.8y DAV/2 PHP/5.4.10 (internal dummy connection)"
::1 - - [07/Jul/2013:00:55:00 -0700] "OPTIONS * HTTP/1.0" 200 - "-" "Apache/2.2.23 (Unix) mod_ssl/2.2.23 OpenSSL/0.9.8y DAV/2 PHP/5.4.10 (internal dummy connection)"
127.0.0.1 - - [07/Jul/2013:00:59:49 -0700] "DELETE /api/v1/users.php HTTP/1.1" 400 187 "-" "Mozilla/5.0 (Macintosh; Intel Mac OS X 10_9_0) AppleWebKit/537.36 (KHTML, like Gecko) Chrome/27.0.1453.116 Safari/537.36"
127.0.0.1 - - [07/Jul/2013:01:00:54 -0700] "DELETE /api/v1/users.php HTTP/1.1" 200 187 "-" "Mozilla/5.0 (Macintosh; Intel Mac OS X 10_9_0) AppleWebKit/537.36 (KHTML, like Gecko) Chrome/27.0.1453.116 Safari/537.36"
127.0.0.1 - - [07/Jul/2013:01:01:09 -0700] "DELETE /api/v1/users.php HTTP/1.1" 200 47 "-" "Mozilla/5.0 (Macintosh; Intel Mac OS X 10_9_0) AppleWebKit/537.36 (KHTML, like Gecko) Chrome/27.0.1453.116 Safari/537.36"
127.0.0.1 - - [07/Jul/2013:01:01:58 -0700] "DELETE /api/v1/users.php?uuid=asdfasdfasdf HTTP/1.1" 200 47 "-" "Mozilla/5.0 (Macintosh; Intel Mac OS X 10_9_0) AppleWebKit/537.36 (KHTML, like Gecko) Chrome/27.0.1453.116 Safari/537.36"
127.0.0.1 - - [07/Jul/2013:01:03:10 -0700] "DELETE /api/v1/users.php?uuid=asdfasdfasdf HTTP/1.1" 200 74 "-" "Mozilla/5.0 (Macintosh; Intel Mac OS X 10_9_0) AppleWebKit/537.36 (KHTML, like Gecko) Chrome/27.0.1453.116 Safari/537.36"
127.0.0.1 - - [07/Jul/2013:01:03:39 -0700] "DELETE /api/v1/users.php?uuid=asdfasdfasdf HTTP/1.1" 200 74 "-" "Mozilla/5.0 (Macintosh; Intel Mac OS X 10_9_0) AppleWebKit/537.36 (KHTML, like Gecko) Chrome/27.0.1453.116 Safari/537.36"
::1 - - [07/Jul/2013:01:04:08 -0700] "OPTIONS * HTTP/1.0" 200 - "-" "Apache/2.2.23 (Unix) mod_ssl/2.2.23 OpenSSL/0.9.8y DAV/2 PHP/5.4.10 (internal dummy connection)"
127.0.0.1 - - [07/Jul/2013:01:04:16 -0700] "DELETE /api/v1/users.php?uuid=R4I5P7OOC31B2O1KTW9NW6DRCDBFBY324O5OUVMD HTTP/1.1" 200 102 "-" "Mozilla/5.0 (Macintosh; Intel Mac OS X 10_9_0) AppleWebKit/537.36 (KHTML, like Gecko) Chrome/27.0.1453.116 Safari/537.36"
127.0.0.1 - - [07/Jul/2013:01:04:17 -0700] "DELETE /api/v1/users.php?uuid=R4I5P7OOC31B2O1KTW9NW6DRCDBFBY324O5OUVMD HTTP/1.1" 200 102 "-" "Mozilla/5.0 (Macintosh; Intel Mac OS X 10_9_0) AppleWebKit/537.36 (KHTML, like Gecko) Chrome/27.0.1453.116 Safari/537.36"
127.0.0.1 - - [07/Jul/2013:01:05:19 -0700] "DELETE /api/v1/users.php?uuid=R4I5P7OOC31B2O1KTW9NW6DRCDBFBY324O5OUVMD HTTP/1.1" 200 149 "-" "Mozilla/5.0 (Macintosh; Intel Mac OS X 10_9_0) AppleWebKit/537.36 (KHTML, like Gecko) Chrome/27.0.1453.116 Safari/537.36"
127.0.0.1 - - [07/Jul/2013:01:06:15 -0700] "DELETE /api/v1/users.php?uuid=R4I5P7OOC31B2O1KTW9NW6DRCDBFBY324O5OUVMD HTTP/1.1" 200 149 "-" "Mozilla/5.0 (Macintosh; Intel Mac OS X 10_9_0) AppleWebKit/537.36 (KHTML, like Gecko) Chrome/27.0.1453.116 Safari/537.36"
::1 - - [07/Jul/2013:01:06:47 -0700] "OPTIONS * HTTP/1.0" 200 - "-" "Apache/2.2.23 (Unix) mod_ssl/2.2.23 OpenSSL/0.9.8y DAV/2 PHP/5.4.10 (internal dummy connection)"
127.0.0.1 - - [07/Jul/2013:01:07:07 -0700] "POST /api/v1/users.php?password=passpass&first_name=zakk&last_name=hoyt&email=zakkhoyt@gmail.com HTTP/1.1" 400 41 "-" "Mozilla/5.0 (Macintosh; Intel Mac OS X 10_9_0) AppleWebKit/537.36 (KHTML, like Gecko) Chrome/27.0.1453.116 Safari/537.36"
::1 - - [07/Jul/2013:01:07:36 -0700] "OPTIONS * HTTP/1.0" 200 - "-" "Apache/2.2.23 (Unix) mod_ssl/2.2.23 OpenSSL/0.9.8y DAV/2 PHP/5.4.10 (internal dummy connection)"
::1 - - [07/Jul/2013:01:07:53 -0700] "OPTIONS * HTTP/1.0" 200 - "-" "Apache/2.2.23 (Unix) mod_ssl/2.2.23 OpenSSL/0.9.8y DAV/2 PHP/5.4.10 (internal dummy connection)"
127.0.0.1 - - [07/Jul/2013:01:08:19 -0700] "POST /api/v1/users.php HTTP/1.1" 200 27 "-" "Mozilla/5.0 (Macintosh; Intel Mac OS X 10_9_0) AppleWebKit/537.36 (KHTML, like Gecko) Chrome/27.0.1453.116 Safari/537.36"
127.0.0.1 - - [07/Jul/2013:01:08:19 -0700] "POST /api/v1/users.php HTTP/1.1" 200 27 "-" "Mozilla/5.0 (Macintosh; Intel Mac OS X 10_9_0) AppleWebKit/537.36 (KHTML, like Gecko) Chrome/27.0.1453.116 Safari/537.36"
::1 - - [07/Jul/2013:01:08:31 -0700] "OPTIONS * HTTP/1.0" 200 - "-" "Apache/2.2.23 (Unix) mod_ssl/2.2.23 OpenSSL/0.9.8y DAV/2 PHP/5.4.10 (internal dummy connection)"
::1 - - [07/Jul/2013:01:08:32 -0700] "OPTIONS * HTTP/1.0" 200 - "-" "Apache/2.2.23 (Unix) mod_ssl/2.2.23 OpenSSL/0.9.8y DAV/2 PHP/5.4.10 (internal dummy connection)"
::1 - - [07/Jul/2013:01:08:33 -0700] "OPTIONS * HTTP/1.0" 200 - "-" "Apache/2.2.23 (Unix) mod_ssl/2.2.23 OpenSSL/0.9.8y DAV/2 PHP/5.4.10 (internal dummy connection)"
127.0.0.1 - - [07/Jul/2013:01:08:35 -0700] "POST /api/v1/users.php HTTP/1.1" 200 27 "-" "Mozilla/5.0 (Macintosh; Intel Mac OS X 10_9_0) AppleWebKit/537.36 (KHTML, like Gecko) Chrome/27.0.1453.116 Safari/537.36"
127.0.0.1 - - [07/Jul/2013:01:09:01 -0700] "GET /api/v1/users.php HTTP/1.1" 200 153 "-" "Mozilla/5.0 (Macintosh; Intel Mac OS X 10_9_0) AppleWebKit/537.36 (KHTML, like Gecko) Chrome/27.0.1453.116 Safari/537.36"
127.0.0.1 - - [07/Jul/2013:01:09:09 -0700] "GET /api/v1/users.php?uuid=IW5B1VEEYFAYMN47EV9CIXUB0J44COOICX0U28KV HTTP/1.1" 200 49 "-" "Mozilla/5.0 (Macintosh; Intel Mac OS X 10_9_0) AppleWebKit/537.36 (KHTML, like Gecko) Chrome/27.0.1453.116 Safari/537.36"
127.0.0.1 - - [07/Jul/2013:01:09:21 -0700] "GET /api/v1/users.php?uuid=IW5B1VEEYFAYMN47EV9CIXUB0J44COOICX0U28KV HTTP/1.1" 200 49 "-" "Mozilla/5.0 (Macintosh; Intel Mac OS X 10_9_0) AppleWebKit/537.36 (KHTML, like Gecko) Chrome/27.0.1453.116 Safari/537.36"
::1 - - [07/Jul/2013:01:09:30 -0700] "OPTIONS * HTTP/1.0" 200 - "-" "Apache/2.2.23 (Unix) mod_ssl/2.2.23 OpenSSL/0.9.8y DAV/2 PHP/5.4.10 (internal dummy connection)"
::1 - - [07/Jul/2013:01:09:31 -0700] "OPTIONS * HTTP/1.0" 200 - "-" "Apache/2.2.23 (Unix) mod_ssl/2.2.23 OpenSSL/0.9.8y DAV/2 PHP/5.4.10 (internal dummy connection)"
::1 - - [07/Jul/2013:01:09:32 -0700] "OPTIONS * HTTP/1.0" 200 - "-" "Apache/2.2.23 (Unix) mod_ssl/2.2.23 OpenSSL/0.9.8y DAV/2 PHP/5.4.10 (internal dummy connection)"
127.0.0.1 - - [07/Jul/2013:01:09:34 -0700] "DELETE /api/v1/users.php?uuid=IW5B1VEEYFAYMN47EV9CIXUB0J44COOICX0U28KV HTTP/1.1" 200 149 "-" "Mozilla/5.0 (Macintosh; Intel Mac OS X 10_9_0) AppleWebKit/537.36 (KHTML, like Gecko) Chrome/27.0.1453.116 Safari/537.36"
::1 - - [07/Jul/2013:01:09:45 -0700] "OPTIONS * HTTP/1.0" 200 - "-" "Apache/2.2.23 (Unix) mod_ssl/2.2.23 OpenSSL/0.9.8y DAV/2 PHP/5.4.10 (internal dummy connection)"
127.0.0.1 - - [07/Jul/2013:01:09:49 -0700] "DELETE /api/v1/users.php?uuid=XA8UIMH8LCC5ZKGGI016K2RWKDYJ92DX3JN69KGO HTTP/1.1" 200 149 "-" "Mozilla/5.0 (Macintosh; Intel Mac OS X 10_9_0) AppleWebKit/537.36 (KHTML, like Gecko) Chrome/27.0.1453.116 Safari/537.36"
127.0.0.1 - - [07/Jul/2013:01:09:51 -0700] "DELETE /api/v1/users.php?uuid=XA8UIMH8LCC5ZKGGI016K2RWKDYJ92DX3JN69KGO HTTP/1.1" 200 149 "-" "Mozilla/5.0 (Macintosh; Intel Mac OS X 10_9_0) AppleWebKit/537.36 (KHTML, like Gecko) Chrome/27.0.1453.116 Safari/537.36"
::1 - - [07/Jul/2013:01:10:01 -0700] "OPTIONS * HTTP/1.0" 200 - "-" "Apache/2.2.23 (Unix) mod_ssl/2.2.23 OpenSSL/0.9.8y DAV/2 PHP/5.4.10 (internal dummy connection)"
::1 - - [07/Jul/2013:01:10:02 -0700] "OPTIONS * HTTP/1.0" 200 - "-" "Apache/2.2.23 (Unix) mod_ssl/2.2.23 OpenSSL/0.9.8y DAV/2 PHP/5.4.10 (internal dummy connection)"
